// Vitest Snapshot v1, https://vitest.dev/guide/snapshot.html

exports[`should match snapshot 1`] = `
{
  "Parameters": {
    "BootstrapVersion": {
      "Default": "/cdk-bootstrap/hnb659fds/version",
      "Description": "Version of the CDK Bootstrap resources in this environment, automatically retrieved from SSM Parameter Store. [cdk:skip]",
      "Type": "AWS::SSM::Parameter::Value<String>",
    },
  },
  "Resources": {
    "functionF19B1A04": {
      "DependsOn": [
        "functionServiceRoleEF216095",
        "vpcPrivateSubnet1DefaultRoute1AA8E2E5",
        "vpcPrivateSubnet1RouteTableAssociation67945127",
        "vpcPrivateSubnet2DefaultRouteB0E07F99",
        "vpcPrivateSubnet2RouteTableAssociation007E94D3",
      ],
      "Properties": {
        "Code": {
          "ZipFile": "export const handler = async () => {
    return {
        statusCode: 200,
        body: JSON.stringify({ message: "Hello, World!" }),
    };
};
",
        },
        "Handler": "index.handler",
        "Role": {
          "Fn::GetAtt": [
            "functionServiceRoleEF216095",
            "Arn",
          ],
        },
        "Runtime": "nodejs22.x",
        "VpcConfig": {
          "SecurityGroupIds": [
            {
              "Fn::GetAtt": [
                "functionSecurityGroup698076D7",
                "GroupId",
              ],
            },
          ],
          "SubnetIds": [
            {
              "Ref": "vpcPrivateSubnet1Subnet934893E8",
            },
            {
              "Ref": "vpcPrivateSubnet2Subnet7031C2BA",
            },
          ],
        },
      },
      "Type": "AWS::Lambda::Function",
    },
    "functionSecurityGroup698076D7": {
      "DependsOn": [
        "vpcPrivateSubnet1DefaultRoute1AA8E2E5",
        "vpcPrivateSubnet1RouteTableAssociation67945127",
        "vpcPrivateSubnet2DefaultRouteB0E07F99",
        "vpcPrivateSubnet2RouteTableAssociation007E94D3",
      ],
      "Properties": {
        "GroupDescription": "Automatic security group for Lambda Function testappresourcesfunctionA5BC4FFA",
        "SecurityGroupEgress": [
          {
            "CidrIp": "0.0.0.0/0",
            "Description": "Allow all outbound traffic by default",
            "IpProtocol": "-1",
          },
        ],
        "VpcId": {
          "Ref": "vpcA2121C38",
        },
      },
      "Type": "AWS::EC2::SecurityGroup",
    },
    "functionServiceRoleEF216095": {
      "DependsOn": [
        "vpcPrivateSubnet1DefaultRoute1AA8E2E5",
        "vpcPrivateSubnet1RouteTableAssociation67945127",
        "vpcPrivateSubnet2DefaultRouteB0E07F99",
        "vpcPrivateSubnet2RouteTableAssociation007E94D3",
      ],
      "Properties": {
        "AssumeRolePolicyDocument": {
          "Statement": [
            {
              "Action": "sts:AssumeRole",
              "Effect": "Allow",
              "Principal": {
                "Service": "lambda.amazonaws.com",
              },
            },
          ],
          "Version": "2012-10-17",
        },
        "ManagedPolicyArns": [
          {
            "Fn::Join": [
              "",
              [
                "arn:",
                {
                  "Ref": "AWS::Partition",
                },
                ":iam::aws:policy/service-role/AWSLambdaBasicExecutionRole",
              ],
            ],
          },
          {
            "Fn::Join": [
              "",
              [
                "arn:",
                {
                  "Ref": "AWS::Partition",
                },
                ":iam::aws:policy/service-role/AWSLambdaVPCAccessExecutionRole",
              ],
            ],
          },
        ],
      },
      "Type": "AWS::IAM::Role",
    },
    "vpcA2121C38": {
      "Properties": {
        "CidrBlock": "10.0.0.0/16",
        "EnableDnsHostnames": true,
        "EnableDnsSupport": true,
        "InstanceTenancy": "default",
        "Tags": [
          {
            "Key": "Name",
            "Value": "test/app-resources/vpc",
          },
        ],
      },
      "Type": "AWS::EC2::VPC",
    },
    "vpcIGWE57CBDCA": {
      "Properties": {
        "Tags": [
          {
            "Key": "Name",
            "Value": "test/app-resources/vpc",
          },
        ],
      },
      "Type": "AWS::EC2::InternetGateway",
    },
    "vpcPrivateSubnet1DefaultRoute1AA8E2E5": {
      "Properties": {
        "DestinationCidrBlock": "0.0.0.0/0",
        "NatGatewayId": {
          "Ref": "vpcPublicSubnet1NATGateway9C16659E",
        },
        "RouteTableId": {
          "Ref": "vpcPrivateSubnet1RouteTableB41A48CC",
        },
      },
      "Type": "AWS::EC2::Route",
    },
    "vpcPrivateSubnet1RouteTableAssociation67945127": {
      "Properties": {
        "RouteTableId": {
          "Ref": "vpcPrivateSubnet1RouteTableB41A48CC",
        },
        "SubnetId": {
          "Ref": "vpcPrivateSubnet1Subnet934893E8",
        },
      },
      "Type": "AWS::EC2::SubnetRouteTableAssociation",
    },
    "vpcPrivateSubnet1RouteTableB41A48CC": {
      "Properties": {
        "Tags": [
          {
            "Key": "Name",
            "Value": "test/app-resources/vpc/PrivateSubnet1",
          },
        ],
        "VpcId": {
          "Ref": "vpcA2121C38",
        },
      },
      "Type": "AWS::EC2::RouteTable",
    },
    "vpcPrivateSubnet1Subnet934893E8": {
      "Properties": {
        "AvailabilityZone": {
          "Fn::Select": [
            0,
            {
              "Fn::GetAZs": "",
            },
          ],
        },
        "CidrBlock": "10.0.128.0/18",
        "MapPublicIpOnLaunch": false,
        "Tags": [
          {
            "Key": "aws-cdk:subnet-name",
            "Value": "Private",
          },
          {
            "Key": "aws-cdk:subnet-type",
            "Value": "Private",
          },
          {
            "Key": "Name",
            "Value": "test/app-resources/vpc/PrivateSubnet1",
          },
        ],
        "VpcId": {
          "Ref": "vpcA2121C38",
        },
      },
      "Type": "AWS::EC2::Subnet",
    },
    "vpcPrivateSubnet2DefaultRouteB0E07F99": {
      "Properties": {
        "DestinationCidrBlock": "0.0.0.0/0",
        "NatGatewayId": {
          "Ref": "vpcPublicSubnet2NATGateway9B8AE11A",
        },
        "RouteTableId": {
          "Ref": "vpcPrivateSubnet2RouteTable7280F23E",
        },
      },
      "Type": "AWS::EC2::Route",
    },
    "vpcPrivateSubnet2RouteTable7280F23E": {
      "Properties": {
        "Tags": [
          {
            "Key": "Name",
            "Value": "test/app-resources/vpc/PrivateSubnet2",
          },
        ],
        "VpcId": {
          "Ref": "vpcA2121C38",
        },
      },
      "Type": "AWS::EC2::RouteTable",
    },
    "vpcPrivateSubnet2RouteTableAssociation007E94D3": {
      "Properties": {
        "RouteTableId": {
          "Ref": "vpcPrivateSubnet2RouteTable7280F23E",
        },
        "SubnetId": {
          "Ref": "vpcPrivateSubnet2Subnet7031C2BA",
        },
      },
      "Type": "AWS::EC2::SubnetRouteTableAssociation",
    },
    "vpcPrivateSubnet2Subnet7031C2BA": {
      "Properties": {
        "AvailabilityZone": {
          "Fn::Select": [
            1,
            {
              "Fn::GetAZs": "",
            },
          ],
        },
        "CidrBlock": "10.0.192.0/18",
        "MapPublicIpOnLaunch": false,
        "Tags": [
          {
            "Key": "aws-cdk:subnet-name",
            "Value": "Private",
          },
          {
            "Key": "aws-cdk:subnet-type",
            "Value": "Private",
          },
          {
            "Key": "Name",
            "Value": "test/app-resources/vpc/PrivateSubnet2",
          },
        ],
        "VpcId": {
          "Ref": "vpcA2121C38",
        },
      },
      "Type": "AWS::EC2::Subnet",
    },
    "vpcPublicSubnet1DefaultRoute10708846": {
      "DependsOn": [
        "vpcVPCGW7984C166",
      ],
      "Properties": {
        "DestinationCidrBlock": "0.0.0.0/0",
        "GatewayId": {
          "Ref": "vpcIGWE57CBDCA",
        },
        "RouteTableId": {
          "Ref": "vpcPublicSubnet1RouteTable48A2DF9B",
        },
      },
      "Type": "AWS::EC2::Route",
    },
    "vpcPublicSubnet1EIPDA49DCBE": {
      "Properties": {
        "Domain": "vpc",
        "Tags": [
          {
            "Key": "Name",
            "Value": "test/app-resources/vpc/PublicSubnet1",
          },
        ],
      },
      "Type": "AWS::EC2::EIP",
    },
    "vpcPublicSubnet1NATGateway9C16659E": {
      "DependsOn": [
        "vpcPublicSubnet1DefaultRoute10708846",
        "vpcPublicSubnet1RouteTableAssociation5D3F4579",
      ],
      "Properties": {
        "AllocationId": {
          "Fn::GetAtt": [
            "vpcPublicSubnet1EIPDA49DCBE",
            "AllocationId",
          ],
        },
        "SubnetId": {
          "Ref": "vpcPublicSubnet1Subnet2E65531E",
        },
        "Tags": [
          {
            "Key": "Name",
            "Value": "test/app-resources/vpc/PublicSubnet1",
          },
        ],
      },
      "Type": "AWS::EC2::NatGateway",
    },
    "vpcPublicSubnet1RouteTable48A2DF9B": {
      "Properties": {
        "Tags": [
          {
            "Key": "Name",
            "Value": "test/app-resources/vpc/PublicSubnet1",
          },
        ],
        "VpcId": {
          "Ref": "vpcA2121C38",
        },
      },
      "Type": "AWS::EC2::RouteTable",
    },
    "vpcPublicSubnet1RouteTableAssociation5D3F4579": {
      "Properties": {
        "RouteTableId": {
          "Ref": "vpcPublicSubnet1RouteTable48A2DF9B",
        },
        "SubnetId": {
          "Ref": "vpcPublicSubnet1Subnet2E65531E",
        },
      },
      "Type": "AWS::EC2::SubnetRouteTableAssociation",
    },
    "vpcPublicSubnet1Subnet2E65531E": {
      "Properties": {
        "AvailabilityZone": {
          "Fn::Select": [
            0,
            {
              "Fn::GetAZs": "",
            },
          ],
        },
        "CidrBlock": "10.0.0.0/18",
        "MapPublicIpOnLaunch": true,
        "Tags": [
          {
            "Key": "aws-cdk:subnet-name",
            "Value": "Public",
          },
          {
            "Key": "aws-cdk:subnet-type",
            "Value": "Public",
          },
          {
            "Key": "Name",
            "Value": "test/app-resources/vpc/PublicSubnet1",
          },
        ],
        "VpcId": {
          "Ref": "vpcA2121C38",
        },
      },
      "Type": "AWS::EC2::Subnet",
    },
    "vpcPublicSubnet2DefaultRouteA1EC0F60": {
      "DependsOn": [
        "vpcVPCGW7984C166",
      ],
      "Properties": {
        "DestinationCidrBlock": "0.0.0.0/0",
        "GatewayId": {
          "Ref": "vpcIGWE57CBDCA",
        },
        "RouteTableId": {
          "Ref": "vpcPublicSubnet2RouteTableEB40D4CB",
        },
      },
      "Type": "AWS::EC2::Route",
    },
    "vpcPublicSubnet2EIP9B3743B1": {
      "Properties": {
        "Domain": "vpc",
        "Tags": [
          {
            "Key": "Name",
            "Value": "test/app-resources/vpc/PublicSubnet2",
          },
        ],
      },
      "Type": "AWS::EC2::EIP",
    },
    "vpcPublicSubnet2NATGateway9B8AE11A": {
      "DependsOn": [
        "vpcPublicSubnet2DefaultRouteA1EC0F60",
        "vpcPublicSubnet2RouteTableAssociation21F81B59",
      ],
      "Properties": {
        "AllocationId": {
          "Fn::GetAtt": [
            "vpcPublicSubnet2EIP9B3743B1",
            "AllocationId",
          ],
        },
        "SubnetId": {
          "Ref": "vpcPublicSubnet2Subnet009B674F",
        },
        "Tags": [
          {
            "Key": "Name",
            "Value": "test/app-resources/vpc/PublicSubnet2",
          },
        ],
      },
      "Type": "AWS::EC2::NatGateway",
    },
    "vpcPublicSubnet2RouteTableAssociation21F81B59": {
      "Properties": {
        "RouteTableId": {
          "Ref": "vpcPublicSubnet2RouteTableEB40D4CB",
        },
        "SubnetId": {
          "Ref": "vpcPublicSubnet2Subnet009B674F",
        },
      },
      "Type": "AWS::EC2::SubnetRouteTableAssociation",
    },
    "vpcPublicSubnet2RouteTableEB40D4CB": {
      "Properties": {
        "Tags": [
          {
            "Key": "Name",
            "Value": "test/app-resources/vpc/PublicSubnet2",
          },
        ],
        "VpcId": {
          "Ref": "vpcA2121C38",
        },
      },
      "Type": "AWS::EC2::RouteTable",
    },
    "vpcPublicSubnet2Subnet009B674F": {
      "Properties": {
        "AvailabilityZone": {
          "Fn::Select": [
            1,
            {
              "Fn::GetAZs": "",
            },
          ],
        },
        "CidrBlock": "10.0.64.0/18",
        "MapPublicIpOnLaunch": true,
        "Tags": [
          {
            "Key": "aws-cdk:subnet-name",
            "Value": "Public",
          },
          {
            "Key": "aws-cdk:subnet-type",
            "Value": "Public",
          },
          {
            "Key": "Name",
            "Value": "test/app-resources/vpc/PublicSubnet2",
          },
        ],
        "VpcId": {
          "Ref": "vpcA2121C38",
        },
      },
      "Type": "AWS::EC2::Subnet",
    },
    "vpcVPCGW7984C166": {
      "Properties": {
        "InternetGatewayId": {
          "Ref": "vpcIGWE57CBDCA",
        },
        "VpcId": {
          "Ref": "vpcA2121C38",
        },
      },
      "Type": "AWS::EC2::VPCGatewayAttachment",
    },
  },
  "Rules": {
    "CheckBootstrapVersion": {
      "Assertions": [
        {
          "Assert": {
            "Fn::Not": [
              {
                "Fn::Contains": [
                  [
                    "1",
                    "2",
                    "3",
                    "4",
                    "5",
                  ],
                  {
                    "Ref": "BootstrapVersion",
                  },
                ],
              },
            ],
          },
          "AssertDescription": "CDK bootstrap stack version 6 required. Please run 'cdk bootstrap' with a recent version of the CDK CLI.",
        },
      ],
    },
  },
}
`;
